
> game-changers-web@0.0.0 build
> tsc -b && vite build

src/components/ContactFooter.tsx(2,10): error TS2305: Module '"lucide-react"' has no exported member 'Facebook'.
src/components/ContactFooter.tsx(2,20): error TS2305: Module '"lucide-react"' has no exported member 'Instagram'.
src/components/ContactFooter.tsx(2,31): error TS2305: Module '"lucide-react"' has no exported member 'Linkedin'.
